2012-02-28 11:50:54,255 [Finalizer] DEBUG com.xuggle.xuggler - Closing dangling Container (../../../../../../../csrc/com/xuggle/xuggler/Container.cpp:83)
2012-02-28 11:50:54,308 [Finalizer] ERROR com.xuggle.xuggler - Disposing of dangling container but could not write trailer (../../../../../../../csrc/com/xuggle/xuggler/Container.cpp:433)
2012-02-28 11:50:54,308 [Finalizer] DEBUG com.xuggle.xuggler - Closing dangling StreamCoder (../../../../../../../csrc/com/xuggle/xuggler/StreamCoder.cpp:82)
2012-02-28 11:52:26,788 [Finalizer] DEBUG com.xuggle.xuggler - Closing dangling Container (../../../../../../../csrc/com/xuggle/xuggler/Container.cpp:83)
2012-02-28 11:52:26,793 [Finalizer] ERROR com.xuggle.xuggler - Disposing of dangling container but could not write trailer (../../../../../../../csrc/com/xuggle/xuggler/Container.cpp:433)
2012-02-28 11:52:26,793 [Finalizer] DEBUG com.xuggle.xuggler - Closing dangling StreamCoder (../../../../../../../csrc/com/xuggle/xuggler/StreamCoder.cpp:82)
2012-02-28 11:55:29,012 [Finalizer] DEBUG com.xuggle.xuggler - Closing dangling Container (../../../../../../../csrc/com/xuggle/xuggler/Container.cpp:83)
2012-02-28 11:55:29,063 [Finalizer] ERROR com.xuggle.xuggler - Disposing of dangling container but could not write trailer (../../../../../../../csrc/com/xuggle/xuggler/Container.cpp:433)
2012-02-28 11:55:29,063 [Finalizer] DEBUG com.xuggle.xuggler - Closing dangling StreamCoder (../../../../../../../csrc/com/xuggle/xuggler/StreamCoder.cpp:82)
2012-02-28 12:02:00,532 [Finalizer] DEBUG com.xuggle.xuggler - Closing dangling Container (../../../../../../../csrc/com/xuggle/xuggler/Container.cpp:83)
2012-02-28 12:02:00,536 [Finalizer] ERROR com.xuggle.xuggler - Disposing of dangling container but could not write trailer (../../../../../../../csrc/com/xuggle/xuggler/Container.cpp:433)
2012-02-28 12:02:00,536 [Finalizer] DEBUG com.xuggle.xuggler - Closing dangling StreamCoder (../../../../../../../csrc/com/xuggle/xuggler/StreamCoder.cpp:82)
2012-02-28 12:05:49,739 [Finalizer] DEBUG com.xuggle.xuggler - Closing dangling Container (../../../../../../../csrc/com/xuggle/xuggler/Container.cpp:83)
2012-02-28 12:05:49,743 [Finalizer] ERROR com.xuggle.xuggler - Disposing of dangling container but could not write trailer (../../../../../../../csrc/com/xuggle/xuggler/Container.cpp:433)
2012-02-28 12:05:49,744 [Finalizer] DEBUG com.xuggle.xuggler - Closing dangling StreamCoder (../../../../../../../csrc/com/xuggle/xuggler/StreamCoder.cpp:82)
2012-03-01 19:19:19,515 [main] ERROR org.ffmpeg - [aac @ 0x980fb40] Unsupported sample rate 22100
2012-03-01 19:19:19,519 [main] WARN  com.xuggle.xuggler - Error: could not open codec (../../../../../../../csrc/com/xuggle/xuggler/StreamCoder.cpp:686)
2012-03-01 19:43:31,175 [main] ERROR org.ffmpeg - [h263 @ 0x4e33890] header damaged
2012-03-01 19:43:31,210 [main] ERROR org.ffmpeg - [h263 @ 0x4e33890] header damaged
2012-03-01 19:43:31,210 [main] ERROR org.ffmpeg - [h263 @ 0x4e33890] header damaged
2012-03-01 19:43:31,210 [main] ERROR org.ffmpeg - [h263 @ 0x4e33890] header damaged
2012-03-01 19:43:31,210 [main] ERROR org.ffmpeg - [h263 @ 0x4e33890] header damaged
2012-03-01 19:43:31,210 [main] ERROR org.ffmpeg - [h263 @ 0x4e33890] header damaged
2012-03-01 19:43:31,210 [main] ERROR org.ffmpeg - [h263 @ 0x4e33890] header damaged
2012-03-01 19:43:31,211 [main] ERROR org.ffmpeg - [h263 @ 0x4e33890] header damaged
2012-03-01 19:43:31,211 [main] ERROR org.ffmpeg - [h263 @ 0x4e33890] header damaged
2012-03-01 19:43:31,212 [main] ERROR org.ffmpeg - [h263 @ 0x4e33890] header damaged
2012-03-01 19:43:31,212 [main] ERROR org.ffmpeg - [h263 @ 0x4e33890] header damaged
2012-03-01 19:43:31,212 [main] ERROR org.ffmpeg - [h263 @ 0x4e33890] header damaged
2012-03-01 19:43:31,212 [main] ERROR org.ffmpeg - [h263 @ 0x4e33890] header damaged
2012-03-01 19:43:31,214 [main] ERROR org.ffmpeg - [h263 @ 0x4e33890] header damaged
2012-03-12 16:52:56,089 [Thread-5] WARN  com.xuggle.xuggler - Could not find streams in input container (../../../../../../../csrc/com/xuggle/xuggler/Container.cpp:769)
2012-03-12 16:58:55,465 [Thread-5] WARN  com.xuggle.xuggler - Could not find streams in input container (../../../../../../../csrc/com/xuggle/xuggler/Container.cpp:769)
2012-03-12 18:40:38,205 [Thread-4] WARN  com.xuggle.xuggler - Could not find streams in input container (../../../../../../../csrc/com/xuggle/xuggler/Container.cpp:769)
2012-03-12 18:41:36,542 [Thread-4] WARN  com.xuggle.xuggler - Could not find streams in input container (../../../../../../../csrc/com/xuggle/xuggler/Container.cpp:769)
